// Jest Snapshot v1, https://goo.gl/fbAQLP

exports[`StateMachine HappyPath 1`] = `
Object {
  "activityFailedEventDetails": undefined,
  "activityScheduleFailedEventDetails": undefined,
  "activityScheduledEventDetails": undefined,
  "activityStartedEventDetails": undefined,
  "activitySucceededEventDetails": undefined,
  "activityTimedOutEventDetails": undefined,
  "executionAbortedEventDetails": undefined,
  "executionFailedEventDetails": undefined,
  "executionStartedEventDetails": Object {
    "input": "{}",
    "inputDetails": Object {
      "truncated": false,
    },
    "roleArn": "arn:aws:iam::123456789012:role/service-role/LambdaSQSIntegration",
  },
  "executionSucceededEventDetails": undefined,
  "executionTimedOutEventDetails": undefined,
  "id": 1,
  "lambdaFunctionFailedEventDetails": undefined,
  "lambdaFunctionScheduleFailedEventDetails": undefined,
  "lambdaFunctionScheduledEventDetails": undefined,
  "lambdaFunctionStartFailedEventDetails": undefined,
  "lambdaFunctionSucceededEventDetails": undefined,
  "lambdaFunctionTimedOutEventDetails": undefined,
  "mapIterationAbortedEventDetails": undefined,
  "mapIterationFailedEventDetails": undefined,
  "mapIterationStartedEventDetails": undefined,
  "mapIterationSucceededEventDetails": undefined,
  "mapStateStartedEventDetails": undefined,
  "previousEventId": 0,
  "stateEnteredEventDetails": undefined,
  "stateExitedEventDetails": undefined,
  "taskFailedEventDetails": undefined,
  "taskScheduledEventDetails": undefined,
  "taskStartFailedEventDetails": undefined,
  "taskStartedEventDetails": undefined,
  "taskSubmitFailedEventDetails": undefined,
  "taskSubmittedEventDetails": undefined,
  "taskSucceededEventDetails": undefined,
  "taskTimedOutEventDetails": undefined,
  "timestamp": Anything,
  "type": "ExecutionStarted",
}
`;

exports[`StateMachine HappyPath 2`] = `
Object {
  "activityFailedEventDetails": undefined,
  "activityScheduleFailedEventDetails": undefined,
  "activityScheduledEventDetails": undefined,
  "activityStartedEventDetails": undefined,
  "activitySucceededEventDetails": undefined,
  "activityTimedOutEventDetails": undefined,
  "executionAbortedEventDetails": undefined,
  "executionFailedEventDetails": undefined,
  "executionStartedEventDetails": undefined,
  "executionSucceededEventDetails": undefined,
  "executionTimedOutEventDetails": undefined,
  "id": 2,
  "lambdaFunctionFailedEventDetails": undefined,
  "lambdaFunctionScheduleFailedEventDetails": undefined,
  "lambdaFunctionScheduledEventDetails": undefined,
  "lambdaFunctionStartFailedEventDetails": undefined,
  "lambdaFunctionSucceededEventDetails": undefined,
  "lambdaFunctionTimedOutEventDetails": undefined,
  "mapIterationAbortedEventDetails": undefined,
  "mapIterationFailedEventDetails": undefined,
  "mapIterationStartedEventDetails": undefined,
  "mapIterationSucceededEventDetails": undefined,
  "mapStateStartedEventDetails": undefined,
  "previousEventId": 0,
  "stateEnteredEventDetails": Object {
    "input": "{}",
    "inputDetails": Object {
      "truncated": false,
    },
    "name": "LambdaState",
  },
  "stateExitedEventDetails": undefined,
  "taskFailedEventDetails": undefined,
  "taskScheduledEventDetails": undefined,
  "taskStartFailedEventDetails": undefined,
  "taskStartedEventDetails": undefined,
  "taskSubmitFailedEventDetails": undefined,
  "taskSubmittedEventDetails": undefined,
  "taskSucceededEventDetails": undefined,
  "taskTimedOutEventDetails": undefined,
  "timestamp": Anything,
  "type": "TaskStateEntered",
}
`;

exports[`StateMachine HappyPath 3`] = `
Object {
  "activityFailedEventDetails": undefined,
  "activityScheduleFailedEventDetails": undefined,
  "activityScheduledEventDetails": undefined,
  "activityStartedEventDetails": undefined,
  "activitySucceededEventDetails": undefined,
  "activityTimedOutEventDetails": undefined,
  "executionAbortedEventDetails": undefined,
  "executionFailedEventDetails": undefined,
  "executionStartedEventDetails": undefined,
  "executionSucceededEventDetails": undefined,
  "executionTimedOutEventDetails": undefined,
  "id": 3,
  "lambdaFunctionFailedEventDetails": undefined,
  "lambdaFunctionScheduleFailedEventDetails": undefined,
  "lambdaFunctionScheduledEventDetails": undefined,
  "lambdaFunctionStartFailedEventDetails": undefined,
  "lambdaFunctionSucceededEventDetails": undefined,
  "lambdaFunctionTimedOutEventDetails": undefined,
  "mapIterationAbortedEventDetails": undefined,
  "mapIterationFailedEventDetails": undefined,
  "mapIterationStartedEventDetails": undefined,
  "mapIterationSucceededEventDetails": undefined,
  "mapStateStartedEventDetails": undefined,
  "previousEventId": 2,
  "stateEnteredEventDetails": undefined,
  "stateExitedEventDetails": undefined,
  "taskFailedEventDetails": undefined,
  "taskScheduledEventDetails": Object {
    "heartbeatInSeconds": undefined,
    "parameters": "{\\"FunctionName\\":\\"arn:aws:lambda:us-west-2:123456789012:function:my-function\\",\\"Payload\\":{\\"FunctionName\\":\\"HelloWorldFunction\\",\\"Payload\\":{}}}",
    "region": "us-east-1",
    "resource": "invoke",
    "resourceType": "lambda",
    "timeoutInSeconds": undefined,
  },
  "taskStartFailedEventDetails": undefined,
  "taskStartedEventDetails": undefined,
  "taskSubmitFailedEventDetails": undefined,
  "taskSubmittedEventDetails": undefined,
  "taskSucceededEventDetails": undefined,
  "taskTimedOutEventDetails": undefined,
  "timestamp": Anything,
  "type": "TaskScheduled",
}
`;

exports[`StateMachine HappyPath 4`] = `
Object {
  "activityFailedEventDetails": undefined,
  "activityScheduleFailedEventDetails": undefined,
  "activityScheduledEventDetails": undefined,
  "activityStartedEventDetails": undefined,
  "activitySucceededEventDetails": undefined,
  "activityTimedOutEventDetails": undefined,
  "executionAbortedEventDetails": undefined,
  "executionFailedEventDetails": undefined,
  "executionStartedEventDetails": undefined,
  "executionSucceededEventDetails": undefined,
  "executionTimedOutEventDetails": undefined,
  "id": 4,
  "lambdaFunctionFailedEventDetails": undefined,
  "lambdaFunctionScheduleFailedEventDetails": undefined,
  "lambdaFunctionScheduledEventDetails": undefined,
  "lambdaFunctionStartFailedEventDetails": undefined,
  "lambdaFunctionSucceededEventDetails": undefined,
  "lambdaFunctionTimedOutEventDetails": undefined,
  "mapIterationAbortedEventDetails": undefined,
  "mapIterationFailedEventDetails": undefined,
  "mapIterationStartedEventDetails": undefined,
  "mapIterationSucceededEventDetails": undefined,
  "mapStateStartedEventDetails": undefined,
  "previousEventId": 3,
  "stateEnteredEventDetails": undefined,
  "stateExitedEventDetails": undefined,
  "taskFailedEventDetails": undefined,
  "taskScheduledEventDetails": undefined,
  "taskStartFailedEventDetails": undefined,
  "taskStartedEventDetails": Object {
    "resource": "invoke",
    "resourceType": "lambda",
  },
  "taskSubmitFailedEventDetails": undefined,
  "taskSubmittedEventDetails": undefined,
  "taskSucceededEventDetails": undefined,
  "taskTimedOutEventDetails": undefined,
  "timestamp": Anything,
  "type": "TaskStarted",
}
`;

exports[`StateMachine HappyPath 5`] = `
Object {
  "activityFailedEventDetails": undefined,
  "activityScheduleFailedEventDetails": undefined,
  "activityScheduledEventDetails": undefined,
  "activityStartedEventDetails": undefined,
  "activitySucceededEventDetails": undefined,
  "activityTimedOutEventDetails": undefined,
  "executionAbortedEventDetails": undefined,
  "executionFailedEventDetails": undefined,
  "executionStartedEventDetails": undefined,
  "executionSucceededEventDetails": undefined,
  "executionTimedOutEventDetails": undefined,
  "id": 5,
  "lambdaFunctionFailedEventDetails": undefined,
  "lambdaFunctionScheduleFailedEventDetails": undefined,
  "lambdaFunctionScheduledEventDetails": undefined,
  "lambdaFunctionStartFailedEventDetails": undefined,
  "lambdaFunctionSucceededEventDetails": undefined,
  "lambdaFunctionTimedOutEventDetails": undefined,
  "mapIterationAbortedEventDetails": undefined,
  "mapIterationFailedEventDetails": undefined,
  "mapIterationStartedEventDetails": undefined,
  "mapIterationSucceededEventDetails": undefined,
  "mapStateStartedEventDetails": undefined,
  "previousEventId": 4,
  "stateEnteredEventDetails": undefined,
  "stateExitedEventDetails": undefined,
  "taskFailedEventDetails": undefined,
  "taskScheduledEventDetails": undefined,
  "taskStartFailedEventDetails": undefined,
  "taskStartedEventDetails": undefined,
  "taskSubmitFailedEventDetails": undefined,
  "taskSubmittedEventDetails": undefined,
  "taskSucceededEventDetails": Object {
    "output": "{\\"StatusCode\\":200,\\"Payload\\":{\\"StatusCode\\":200,\\"body\\":\\"Hello from Lambda!\\"}}",
    "outputDetails": Object {
      "truncated": false,
    },
    "resource": "invoke",
    "resourceType": "lambda",
  },
  "taskTimedOutEventDetails": undefined,
  "timestamp": Anything,
  "type": "TaskSucceeded",
}
`;

exports[`StateMachine HappyPath 6`] = `
Object {
  "activityFailedEventDetails": undefined,
  "activityScheduleFailedEventDetails": undefined,
  "activityScheduledEventDetails": undefined,
  "activityStartedEventDetails": undefined,
  "activitySucceededEventDetails": undefined,
  "activityTimedOutEventDetails": undefined,
  "executionAbortedEventDetails": undefined,
  "executionFailedEventDetails": undefined,
  "executionStartedEventDetails": undefined,
  "executionSucceededEventDetails": undefined,
  "executionTimedOutEventDetails": undefined,
  "id": 6,
  "lambdaFunctionFailedEventDetails": undefined,
  "lambdaFunctionScheduleFailedEventDetails": undefined,
  "lambdaFunctionScheduledEventDetails": undefined,
  "lambdaFunctionStartFailedEventDetails": undefined,
  "lambdaFunctionSucceededEventDetails": undefined,
  "lambdaFunctionTimedOutEventDetails": undefined,
  "mapIterationAbortedEventDetails": undefined,
  "mapIterationFailedEventDetails": undefined,
  "mapIterationStartedEventDetails": undefined,
  "mapIterationSucceededEventDetails": undefined,
  "mapStateStartedEventDetails": undefined,
  "previousEventId": 5,
  "stateEnteredEventDetails": undefined,
  "stateExitedEventDetails": Object {
    "name": "LambdaState",
    "output": "{\\"StatusCode\\":200,\\"Payload\\":{\\"StatusCode\\":200,\\"body\\":\\"Hello from Lambda!\\"}}",
    "outputDetails": Object {
      "truncated": false,
    },
  },
  "taskFailedEventDetails": undefined,
  "taskScheduledEventDetails": undefined,
  "taskStartFailedEventDetails": undefined,
  "taskStartedEventDetails": undefined,
  "taskSubmitFailedEventDetails": undefined,
  "taskSubmittedEventDetails": undefined,
  "taskSucceededEventDetails": undefined,
  "taskTimedOutEventDetails": undefined,
  "timestamp": Anything,
  "type": "TaskStateExited",
}
`;

exports[`StateMachine HappyPath 7`] = `
Object {
  "activityFailedEventDetails": undefined,
  "activityScheduleFailedEventDetails": undefined,
  "activityScheduledEventDetails": undefined,
  "activityStartedEventDetails": undefined,
  "activitySucceededEventDetails": undefined,
  "activityTimedOutEventDetails": undefined,
  "executionAbortedEventDetails": undefined,
  "executionFailedEventDetails": undefined,
  "executionStartedEventDetails": undefined,
  "executionSucceededEventDetails": undefined,
  "executionTimedOutEventDetails": undefined,
  "id": 7,
  "lambdaFunctionFailedEventDetails": undefined,
  "lambdaFunctionScheduleFailedEventDetails": undefined,
  "lambdaFunctionScheduledEventDetails": undefined,
  "lambdaFunctionStartFailedEventDetails": undefined,
  "lambdaFunctionSucceededEventDetails": undefined,
  "lambdaFunctionTimedOutEventDetails": undefined,
  "mapIterationAbortedEventDetails": undefined,
  "mapIterationFailedEventDetails": undefined,
  "mapIterationStartedEventDetails": undefined,
  "mapIterationSucceededEventDetails": undefined,
  "mapStateStartedEventDetails": undefined,
  "previousEventId": 6,
  "stateEnteredEventDetails": Object {
    "input": "{\\"StatusCode\\":200,\\"Payload\\":{\\"StatusCode\\":200,\\"body\\":\\"Hello from Lambda!\\"}}",
    "inputDetails": Object {
      "truncated": false,
    },
    "name": "SqsState",
  },
  "stateExitedEventDetails": undefined,
  "taskFailedEventDetails": undefined,
  "taskScheduledEventDetails": undefined,
  "taskStartFailedEventDetails": undefined,
  "taskStartedEventDetails": undefined,
  "taskSubmitFailedEventDetails": undefined,
  "taskSubmittedEventDetails": undefined,
  "taskSucceededEventDetails": undefined,
  "taskTimedOutEventDetails": undefined,
  "timestamp": Anything,
  "type": "TaskStateEntered",
}
`;

exports[`StateMachine HappyPath 8`] = `
Object {
  "activityFailedEventDetails": undefined,
  "activityScheduleFailedEventDetails": undefined,
  "activityScheduledEventDetails": undefined,
  "activityStartedEventDetails": undefined,
  "activitySucceededEventDetails": undefined,
  "activityTimedOutEventDetails": undefined,
  "executionAbortedEventDetails": undefined,
  "executionFailedEventDetails": undefined,
  "executionStartedEventDetails": undefined,
  "executionSucceededEventDetails": undefined,
  "executionTimedOutEventDetails": undefined,
  "id": 8,
  "lambdaFunctionFailedEventDetails": undefined,
  "lambdaFunctionScheduleFailedEventDetails": undefined,
  "lambdaFunctionScheduledEventDetails": undefined,
  "lambdaFunctionStartFailedEventDetails": undefined,
  "lambdaFunctionSucceededEventDetails": undefined,
  "lambdaFunctionTimedOutEventDetails": undefined,
  "mapIterationAbortedEventDetails": undefined,
  "mapIterationFailedEventDetails": undefined,
  "mapIterationStartedEventDetails": undefined,
  "mapIterationSucceededEventDetails": undefined,
  "mapStateStartedEventDetails": undefined,
  "previousEventId": 7,
  "stateEnteredEventDetails": undefined,
  "stateExitedEventDetails": undefined,
  "taskFailedEventDetails": undefined,
  "taskScheduledEventDetails": Object {
    "heartbeatInSeconds": undefined,
    "parameters": "{\\"QueueUrl\\":\\"https://sqs.us-west-2.amazonaws.com/444455556666/queue1\\",\\"MessageBody\\":{\\"StatusCode\\":200,\\"Payload\\":{\\"StatusCode\\":200,\\"body\\":\\"Hello from Lambda!\\"}}}",
    "region": "us-east-1",
    "resource": "sendMessage",
    "resourceType": "sqs",
    "timeoutInSeconds": undefined,
  },
  "taskStartFailedEventDetails": undefined,
  "taskStartedEventDetails": undefined,
  "taskSubmitFailedEventDetails": undefined,
  "taskSubmittedEventDetails": undefined,
  "taskSucceededEventDetails": undefined,
  "taskTimedOutEventDetails": undefined,
  "timestamp": Anything,
  "type": "TaskScheduled",
}
`;

exports[`StateMachine HappyPath 9`] = `
Object {
  "activityFailedEventDetails": undefined,
  "activityScheduleFailedEventDetails": undefined,
  "activityScheduledEventDetails": undefined,
  "activityStartedEventDetails": undefined,
  "activitySucceededEventDetails": undefined,
  "activityTimedOutEventDetails": undefined,
  "executionAbortedEventDetails": undefined,
  "executionFailedEventDetails": undefined,
  "executionStartedEventDetails": undefined,
  "executionSucceededEventDetails": undefined,
  "executionTimedOutEventDetails": undefined,
  "id": 9,
  "lambdaFunctionFailedEventDetails": undefined,
  "lambdaFunctionScheduleFailedEventDetails": undefined,
  "lambdaFunctionScheduledEventDetails": undefined,
  "lambdaFunctionStartFailedEventDetails": undefined,
  "lambdaFunctionSucceededEventDetails": undefined,
  "lambdaFunctionTimedOutEventDetails": undefined,
  "mapIterationAbortedEventDetails": undefined,
  "mapIterationFailedEventDetails": undefined,
  "mapIterationStartedEventDetails": undefined,
  "mapIterationSucceededEventDetails": undefined,
  "mapStateStartedEventDetails": undefined,
  "previousEventId": 8,
  "stateEnteredEventDetails": undefined,
  "stateExitedEventDetails": undefined,
  "taskFailedEventDetails": undefined,
  "taskScheduledEventDetails": undefined,
  "taskStartFailedEventDetails": undefined,
  "taskStartedEventDetails": Object {
    "resource": "sendMessage",
    "resourceType": "sqs",
  },
  "taskSubmitFailedEventDetails": undefined,
  "taskSubmittedEventDetails": undefined,
  "taskSucceededEventDetails": undefined,
  "taskTimedOutEventDetails": undefined,
  "timestamp": Anything,
  "type": "TaskStarted",
}
`;

exports[`StateMachine HappyPath 10`] = `
Object {
  "activityFailedEventDetails": undefined,
  "activityScheduleFailedEventDetails": undefined,
  "activityScheduledEventDetails": undefined,
  "activityStartedEventDetails": undefined,
  "activitySucceededEventDetails": undefined,
  "activityTimedOutEventDetails": undefined,
  "executionAbortedEventDetails": undefined,
  "executionFailedEventDetails": undefined,
  "executionStartedEventDetails": undefined,
  "executionSucceededEventDetails": undefined,
  "executionTimedOutEventDetails": undefined,
  "id": 10,
  "lambdaFunctionFailedEventDetails": undefined,
  "lambdaFunctionScheduleFailedEventDetails": undefined,
  "lambdaFunctionScheduledEventDetails": undefined,
  "lambdaFunctionStartFailedEventDetails": undefined,
  "lambdaFunctionSucceededEventDetails": undefined,
  "lambdaFunctionTimedOutEventDetails": undefined,
  "mapIterationAbortedEventDetails": undefined,
  "mapIterationFailedEventDetails": undefined,
  "mapIterationStartedEventDetails": undefined,
  "mapIterationSucceededEventDetails": undefined,
  "mapStateStartedEventDetails": undefined,
  "previousEventId": 9,
  "stateEnteredEventDetails": undefined,
  "stateExitedEventDetails": undefined,
  "taskFailedEventDetails": undefined,
  "taskScheduledEventDetails": undefined,
  "taskStartFailedEventDetails": undefined,
  "taskStartedEventDetails": undefined,
  "taskSubmitFailedEventDetails": undefined,
  "taskSubmittedEventDetails": undefined,
  "taskSucceededEventDetails": Object {
    "output": "{\\"MD5OfMessageBody\\":\\"3bcb6e8e-7h85-4375-b0bc-1a59812c6e51\\",\\"MessageId\\":\\"3bcb6e8e-8b51-4375-b0bc-1a59812c6e51\\"}",
    "outputDetails": Object {
      "truncated": false,
    },
    "resource": "sendMessage",
    "resourceType": "sqs",
  },
  "taskTimedOutEventDetails": undefined,
  "timestamp": Anything,
  "type": "TaskSucceeded",
}
`;

exports[`StateMachine HappyPath 11`] = `
Object {
  "activityFailedEventDetails": undefined,
  "activityScheduleFailedEventDetails": undefined,
  "activityScheduledEventDetails": undefined,
  "activityStartedEventDetails": undefined,
  "activitySucceededEventDetails": undefined,
  "activityTimedOutEventDetails": undefined,
  "executionAbortedEventDetails": undefined,
  "executionFailedEventDetails": undefined,
  "executionStartedEventDetails": undefined,
  "executionSucceededEventDetails": undefined,
  "executionTimedOutEventDetails": undefined,
  "id": 11,
  "lambdaFunctionFailedEventDetails": undefined,
  "lambdaFunctionScheduleFailedEventDetails": undefined,
  "lambdaFunctionScheduledEventDetails": undefined,
  "lambdaFunctionStartFailedEventDetails": undefined,
  "lambdaFunctionSucceededEventDetails": undefined,
  "lambdaFunctionTimedOutEventDetails": undefined,
  "mapIterationAbortedEventDetails": undefined,
  "mapIterationFailedEventDetails": undefined,
  "mapIterationStartedEventDetails": undefined,
  "mapIterationSucceededEventDetails": undefined,
  "mapStateStartedEventDetails": undefined,
  "previousEventId": 10,
  "stateEnteredEventDetails": undefined,
  "stateExitedEventDetails": Object {
    "name": "SqsState",
    "output": "{\\"MD5OfMessageBody\\":\\"3bcb6e8e-7h85-4375-b0bc-1a59812c6e51\\",\\"MessageId\\":\\"3bcb6e8e-8b51-4375-b0bc-1a59812c6e51\\"}",
    "outputDetails": Object {
      "truncated": false,
    },
  },
  "taskFailedEventDetails": undefined,
  "taskScheduledEventDetails": undefined,
  "taskStartFailedEventDetails": undefined,
  "taskStartedEventDetails": undefined,
  "taskSubmitFailedEventDetails": undefined,
  "taskSubmittedEventDetails": undefined,
  "taskSucceededEventDetails": undefined,
  "taskTimedOutEventDetails": undefined,
  "timestamp": Anything,
  "type": "TaskStateExited",
}
`;

exports[`StateMachine HappyPath 12`] = `
Object {
  "activityFailedEventDetails": undefined,
  "activityScheduleFailedEventDetails": undefined,
  "activityScheduledEventDetails": undefined,
  "activityStartedEventDetails": undefined,
  "activitySucceededEventDetails": undefined,
  "activityTimedOutEventDetails": undefined,
  "executionAbortedEventDetails": undefined,
  "executionFailedEventDetails": undefined,
  "executionStartedEventDetails": undefined,
  "executionSucceededEventDetails": Object {
    "output": "{\\"MD5OfMessageBody\\":\\"3bcb6e8e-7h85-4375-b0bc-1a59812c6e51\\",\\"MessageId\\":\\"3bcb6e8e-8b51-4375-b0bc-1a59812c6e51\\"}",
    "outputDetails": Object {
      "truncated": false,
    },
  },
  "executionTimedOutEventDetails": undefined,
  "id": 12,
  "lambdaFunctionFailedEventDetails": undefined,
  "lambdaFunctionScheduleFailedEventDetails": undefined,
  "lambdaFunctionScheduledEventDetails": undefined,
  "lambdaFunctionStartFailedEventDetails": undefined,
  "lambdaFunctionSucceededEventDetails": undefined,
  "lambdaFunctionTimedOutEventDetails": undefined,
  "mapIterationAbortedEventDetails": undefined,
  "mapIterationFailedEventDetails": undefined,
  "mapIterationStartedEventDetails": undefined,
  "mapIterationSucceededEventDetails": undefined,
  "mapStateStartedEventDetails": undefined,
  "previousEventId": 11,
  "stateEnteredEventDetails": undefined,
  "stateExitedEventDetails": undefined,
  "taskFailedEventDetails": undefined,
  "taskScheduledEventDetails": undefined,
  "taskStartFailedEventDetails": undefined,
  "taskStartedEventDetails": undefined,
  "taskSubmitFailedEventDetails": undefined,
  "taskSubmittedEventDetails": undefined,
  "taskSucceededEventDetails": undefined,
  "taskTimedOutEventDetails": undefined,
  "timestamp": Anything,
  "type": "ExecutionSucceeded",
}
`;

exports[`StateMachine RetryPath 1`] = `
Object {
  "activityFailedEventDetails": undefined,
  "activityScheduleFailedEventDetails": undefined,
  "activityScheduledEventDetails": undefined,
  "activityStartedEventDetails": undefined,
  "activitySucceededEventDetails": undefined,
  "activityTimedOutEventDetails": undefined,
  "executionAbortedEventDetails": undefined,
  "executionFailedEventDetails": undefined,
  "executionStartedEventDetails": Object {
    "input": "{}",
    "inputDetails": Object {
      "truncated": false,
    },
    "roleArn": "arn:aws:iam::123456789012:role/service-role/LambdaSQSIntegration",
  },
  "executionSucceededEventDetails": undefined,
  "executionTimedOutEventDetails": undefined,
  "id": 1,
  "lambdaFunctionFailedEventDetails": undefined,
  "lambdaFunctionScheduleFailedEventDetails": undefined,
  "lambdaFunctionScheduledEventDetails": undefined,
  "lambdaFunctionStartFailedEventDetails": undefined,
  "lambdaFunctionSucceededEventDetails": undefined,
  "lambdaFunctionTimedOutEventDetails": undefined,
  "mapIterationAbortedEventDetails": undefined,
  "mapIterationFailedEventDetails": undefined,
  "mapIterationStartedEventDetails": undefined,
  "mapIterationSucceededEventDetails": undefined,
  "mapStateStartedEventDetails": undefined,
  "previousEventId": 0,
  "stateEnteredEventDetails": undefined,
  "stateExitedEventDetails": undefined,
  "taskFailedEventDetails": undefined,
  "taskScheduledEventDetails": undefined,
  "taskStartFailedEventDetails": undefined,
  "taskStartedEventDetails": undefined,
  "taskSubmitFailedEventDetails": undefined,
  "taskSubmittedEventDetails": undefined,
  "taskSucceededEventDetails": undefined,
  "taskTimedOutEventDetails": undefined,
  "timestamp": Anything,
  "type": "ExecutionStarted",
}
`;

exports[`StateMachine RetryPath 2`] = `
Object {
  "activityFailedEventDetails": undefined,
  "activityScheduleFailedEventDetails": undefined,
  "activityScheduledEventDetails": undefined,
  "activityStartedEventDetails": undefined,
  "activitySucceededEventDetails": undefined,
  "activityTimedOutEventDetails": undefined,
  "executionAbortedEventDetails": undefined,
  "executionFailedEventDetails": undefined,
  "executionStartedEventDetails": undefined,
  "executionSucceededEventDetails": undefined,
  "executionTimedOutEventDetails": undefined,
  "id": 2,
  "lambdaFunctionFailedEventDetails": undefined,
  "lambdaFunctionScheduleFailedEventDetails": undefined,
  "lambdaFunctionScheduledEventDetails": undefined,
  "lambdaFunctionStartFailedEventDetails": undefined,
  "lambdaFunctionSucceededEventDetails": undefined,
  "lambdaFunctionTimedOutEventDetails": undefined,
  "mapIterationAbortedEventDetails": undefined,
  "mapIterationFailedEventDetails": undefined,
  "mapIterationStartedEventDetails": undefined,
  "mapIterationSucceededEventDetails": undefined,
  "mapStateStartedEventDetails": undefined,
  "previousEventId": 0,
  "stateEnteredEventDetails": Object {
    "input": "{}",
    "inputDetails": Object {
      "truncated": false,
    },
    "name": "LambdaState",
  },
  "stateExitedEventDetails": undefined,
  "taskFailedEventDetails": undefined,
  "taskScheduledEventDetails": undefined,
  "taskStartFailedEventDetails": undefined,
  "taskStartedEventDetails": undefined,
  "taskSubmitFailedEventDetails": undefined,
  "taskSubmittedEventDetails": undefined,
  "taskSucceededEventDetails": undefined,
  "taskTimedOutEventDetails": undefined,
  "timestamp": Anything,
  "type": "TaskStateEntered",
}
`;

exports[`StateMachine RetryPath 3`] = `
Object {
  "activityFailedEventDetails": undefined,
  "activityScheduleFailedEventDetails": undefined,
  "activityScheduledEventDetails": undefined,
  "activityStartedEventDetails": undefined,
  "activitySucceededEventDetails": undefined,
  "activityTimedOutEventDetails": undefined,
  "executionAbortedEventDetails": undefined,
  "executionFailedEventDetails": undefined,
  "executionStartedEventDetails": undefined,
  "executionSucceededEventDetails": undefined,
  "executionTimedOutEventDetails": undefined,
  "id": 3,
  "lambdaFunctionFailedEventDetails": undefined,
  "lambdaFunctionScheduleFailedEventDetails": undefined,
  "lambdaFunctionScheduledEventDetails": undefined,
  "lambdaFunctionStartFailedEventDetails": undefined,
  "lambdaFunctionSucceededEventDetails": undefined,
  "lambdaFunctionTimedOutEventDetails": undefined,
  "mapIterationAbortedEventDetails": undefined,
  "mapIterationFailedEventDetails": undefined,
  "mapIterationStartedEventDetails": undefined,
  "mapIterationSucceededEventDetails": undefined,
  "mapStateStartedEventDetails": undefined,
  "previousEventId": 2,
  "stateEnteredEventDetails": undefined,
  "stateExitedEventDetails": undefined,
  "taskFailedEventDetails": undefined,
  "taskScheduledEventDetails": Object {
    "heartbeatInSeconds": undefined,
    "parameters": "{\\"FunctionName\\":\\"arn:aws:lambda:us-west-2:123456789012:function:my-function\\",\\"Payload\\":{\\"FunctionName\\":\\"HelloWorldFunction\\",\\"Payload\\":{}}}",
    "region": "us-east-1",
    "resource": "invoke",
    "resourceType": "lambda",
    "timeoutInSeconds": undefined,
  },
  "taskStartFailedEventDetails": undefined,
  "taskStartedEventDetails": undefined,
  "taskSubmitFailedEventDetails": undefined,
  "taskSubmittedEventDetails": undefined,
  "taskSucceededEventDetails": undefined,
  "taskTimedOutEventDetails": undefined,
  "timestamp": Anything,
  "type": "TaskScheduled",
}
`;

exports[`StateMachine RetryPath 4`] = `
Object {
  "activityFailedEventDetails": undefined,
  "activityScheduleFailedEventDetails": undefined,
  "activityScheduledEventDetails": undefined,
  "activityStartedEventDetails": undefined,
  "activitySucceededEventDetails": undefined,
  "activityTimedOutEventDetails": undefined,
  "executionAbortedEventDetails": undefined,
  "executionFailedEventDetails": undefined,
  "executionStartedEventDetails": undefined,
  "executionSucceededEventDetails": undefined,
  "executionTimedOutEventDetails": undefined,
  "id": 4,
  "lambdaFunctionFailedEventDetails": undefined,
  "lambdaFunctionScheduleFailedEventDetails": undefined,
  "lambdaFunctionScheduledEventDetails": undefined,
  "lambdaFunctionStartFailedEventDetails": undefined,
  "lambdaFunctionSucceededEventDetails": undefined,
  "lambdaFunctionTimedOutEventDetails": undefined,
  "mapIterationAbortedEventDetails": undefined,
  "mapIterationFailedEventDetails": undefined,
  "mapIterationStartedEventDetails": undefined,
  "mapIterationSucceededEventDetails": undefined,
  "mapStateStartedEventDetails": undefined,
  "previousEventId": 3,
  "stateEnteredEventDetails": undefined,
  "stateExitedEventDetails": undefined,
  "taskFailedEventDetails": undefined,
  "taskScheduledEventDetails": undefined,
  "taskStartFailedEventDetails": undefined,
  "taskStartedEventDetails": Object {
    "resource": "invoke",
    "resourceType": "lambda",
  },
  "taskSubmitFailedEventDetails": undefined,
  "taskSubmittedEventDetails": undefined,
  "taskSucceededEventDetails": undefined,
  "taskTimedOutEventDetails": undefined,
  "timestamp": Anything,
  "type": "TaskStarted",
}
`;

exports[`StateMachine RetryPath 5`] = `
Object {
  "activityFailedEventDetails": undefined,
  "activityScheduleFailedEventDetails": undefined,
  "activityScheduledEventDetails": undefined,
  "activityStartedEventDetails": undefined,
  "activitySucceededEventDetails": undefined,
  "activityTimedOutEventDetails": undefined,
  "executionAbortedEventDetails": undefined,
  "executionFailedEventDetails": undefined,
  "executionStartedEventDetails": undefined,
  "executionSucceededEventDetails": undefined,
  "executionTimedOutEventDetails": undefined,
  "id": 5,
  "lambdaFunctionFailedEventDetails": undefined,
  "lambdaFunctionScheduleFailedEventDetails": undefined,
  "lambdaFunctionScheduledEventDetails": undefined,
  "lambdaFunctionStartFailedEventDetails": undefined,
  "lambdaFunctionSucceededEventDetails": undefined,
  "lambdaFunctionTimedOutEventDetails": undefined,
  "mapIterationAbortedEventDetails": undefined,
  "mapIterationFailedEventDetails": undefined,
  "mapIterationStartedEventDetails": undefined,
  "mapIterationSucceededEventDetails": undefined,
  "mapStateStartedEventDetails": undefined,
  "previousEventId": 4,
  "stateEnteredEventDetails": undefined,
  "stateExitedEventDetails": undefined,
  "taskFailedEventDetails": Object {
    "cause": "Lambda resource is not ready.",
    "error": "Lambda.ResourceNotReadyException",
    "resource": "invoke",
    "resourceType": "lambda",
  },
  "taskScheduledEventDetails": undefined,
  "taskStartFailedEventDetails": undefined,
  "taskStartedEventDetails": undefined,
  "taskSubmitFailedEventDetails": undefined,
  "taskSubmittedEventDetails": undefined,
  "taskSucceededEventDetails": undefined,
  "taskTimedOutEventDetails": undefined,
  "timestamp": Anything,
  "type": "TaskFailed",
}
`;

exports[`StateMachine RetryPath 6`] = `
Object {
  "activityFailedEventDetails": undefined,
  "activityScheduleFailedEventDetails": undefined,
  "activityScheduledEventDetails": undefined,
  "activityStartedEventDetails": undefined,
  "activitySucceededEventDetails": undefined,
  "activityTimedOutEventDetails": undefined,
  "executionAbortedEventDetails": undefined,
  "executionFailedEventDetails": undefined,
  "executionStartedEventDetails": undefined,
  "executionSucceededEventDetails": undefined,
  "executionTimedOutEventDetails": undefined,
  "id": 6,
  "lambdaFunctionFailedEventDetails": undefined,
  "lambdaFunctionScheduleFailedEventDetails": undefined,
  "lambdaFunctionScheduledEventDetails": undefined,
  "lambdaFunctionStartFailedEventDetails": undefined,
  "lambdaFunctionSucceededEventDetails": undefined,
  "lambdaFunctionTimedOutEventDetails": undefined,
  "mapIterationAbortedEventDetails": undefined,
  "mapIterationFailedEventDetails": undefined,
  "mapIterationStartedEventDetails": undefined,
  "mapIterationSucceededEventDetails": undefined,
  "mapStateStartedEventDetails": undefined,
  "previousEventId": 5,
  "stateEnteredEventDetails": undefined,
  "stateExitedEventDetails": undefined,
  "taskFailedEventDetails": undefined,
  "taskScheduledEventDetails": Object {
    "heartbeatInSeconds": undefined,
    "parameters": "{\\"FunctionName\\":\\"arn:aws:lambda:us-west-2:123456789012:function:my-function\\",\\"Payload\\":{\\"FunctionName\\":\\"HelloWorldFunction\\",\\"Payload\\":{}}}",
    "region": "us-east-1",
    "resource": "invoke",
    "resourceType": "lambda",
    "timeoutInSeconds": undefined,
  },
  "taskStartFailedEventDetails": undefined,
  "taskStartedEventDetails": undefined,
  "taskSubmitFailedEventDetails": undefined,
  "taskSubmittedEventDetails": undefined,
  "taskSucceededEventDetails": undefined,
  "taskTimedOutEventDetails": undefined,
  "timestamp": Anything,
  "type": "TaskScheduled",
}
`;

exports[`StateMachine RetryPath 7`] = `
Object {
  "activityFailedEventDetails": undefined,
  "activityScheduleFailedEventDetails": undefined,
  "activityScheduledEventDetails": undefined,
  "activityStartedEventDetails": undefined,
  "activitySucceededEventDetails": undefined,
  "activityTimedOutEventDetails": undefined,
  "executionAbortedEventDetails": undefined,
  "executionFailedEventDetails": undefined,
  "executionStartedEventDetails": undefined,
  "executionSucceededEventDetails": undefined,
  "executionTimedOutEventDetails": undefined,
  "id": 7,
  "lambdaFunctionFailedEventDetails": undefined,
  "lambdaFunctionScheduleFailedEventDetails": undefined,
  "lambdaFunctionScheduledEventDetails": undefined,
  "lambdaFunctionStartFailedEventDetails": undefined,
  "lambdaFunctionSucceededEventDetails": undefined,
  "lambdaFunctionTimedOutEventDetails": undefined,
  "mapIterationAbortedEventDetails": undefined,
  "mapIterationFailedEventDetails": undefined,
  "mapIterationStartedEventDetails": undefined,
  "mapIterationSucceededEventDetails": undefined,
  "mapStateStartedEventDetails": undefined,
  "previousEventId": 6,
  "stateEnteredEventDetails": undefined,
  "stateExitedEventDetails": undefined,
  "taskFailedEventDetails": undefined,
  "taskScheduledEventDetails": undefined,
  "taskStartFailedEventDetails": undefined,
  "taskStartedEventDetails": Object {
    "resource": "invoke",
    "resourceType": "lambda",
  },
  "taskSubmitFailedEventDetails": undefined,
  "taskSubmittedEventDetails": undefined,
  "taskSucceededEventDetails": undefined,
  "taskTimedOutEventDetails": undefined,
  "timestamp": Anything,
  "type": "TaskStarted",
}
`;

exports[`StateMachine RetryPath 8`] = `
Object {
  "activityFailedEventDetails": undefined,
  "activityScheduleFailedEventDetails": undefined,
  "activityScheduledEventDetails": undefined,
  "activityStartedEventDetails": undefined,
  "activitySucceededEventDetails": undefined,
  "activityTimedOutEventDetails": undefined,
  "executionAbortedEventDetails": undefined,
  "executionFailedEventDetails": undefined,
  "executionStartedEventDetails": undefined,
  "executionSucceededEventDetails": undefined,
  "executionTimedOutEventDetails": undefined,
  "id": 8,
  "lambdaFunctionFailedEventDetails": undefined,
  "lambdaFunctionScheduleFailedEventDetails": undefined,
  "lambdaFunctionScheduledEventDetails": undefined,
  "lambdaFunctionStartFailedEventDetails": undefined,
  "lambdaFunctionSucceededEventDetails": undefined,
  "lambdaFunctionTimedOutEventDetails": undefined,
  "mapIterationAbortedEventDetails": undefined,
  "mapIterationFailedEventDetails": undefined,
  "mapIterationStartedEventDetails": undefined,
  "mapIterationSucceededEventDetails": undefined,
  "mapStateStartedEventDetails": undefined,
  "previousEventId": 7,
  "stateEnteredEventDetails": undefined,
  "stateExitedEventDetails": undefined,
  "taskFailedEventDetails": Object {
    "cause": "Lambda timed out.",
    "error": "Lambda.TimeoutException",
    "resource": "invoke",
    "resourceType": "lambda",
  },
  "taskScheduledEventDetails": undefined,
  "taskStartFailedEventDetails": undefined,
  "taskStartedEventDetails": undefined,
  "taskSubmitFailedEventDetails": undefined,
  "taskSubmittedEventDetails": undefined,
  "taskSucceededEventDetails": undefined,
  "taskTimedOutEventDetails": undefined,
  "timestamp": Anything,
  "type": "TaskFailed",
}
`;

exports[`StateMachine RetryPath 9`] = `
Object {
  "activityFailedEventDetails": undefined,
  "activityScheduleFailedEventDetails": undefined,
  "activityScheduledEventDetails": undefined,
  "activityStartedEventDetails": undefined,
  "activitySucceededEventDetails": undefined,
  "activityTimedOutEventDetails": undefined,
  "executionAbortedEventDetails": undefined,
  "executionFailedEventDetails": undefined,
  "executionStartedEventDetails": undefined,
  "executionSucceededEventDetails": undefined,
  "executionTimedOutEventDetails": undefined,
  "id": 9,
  "lambdaFunctionFailedEventDetails": undefined,
  "lambdaFunctionScheduleFailedEventDetails": undefined,
  "lambdaFunctionScheduledEventDetails": undefined,
  "lambdaFunctionStartFailedEventDetails": undefined,
  "lambdaFunctionSucceededEventDetails": undefined,
  "lambdaFunctionTimedOutEventDetails": undefined,
  "mapIterationAbortedEventDetails": undefined,
  "mapIterationFailedEventDetails": undefined,
  "mapIterationStartedEventDetails": undefined,
  "mapIterationSucceededEventDetails": undefined,
  "mapStateStartedEventDetails": undefined,
  "previousEventId": 8,
  "stateEnteredEventDetails": undefined,
  "stateExitedEventDetails": undefined,
  "taskFailedEventDetails": undefined,
  "taskScheduledEventDetails": Object {
    "heartbeatInSeconds": undefined,
    "parameters": "{\\"FunctionName\\":\\"arn:aws:lambda:us-west-2:123456789012:function:my-function\\",\\"Payload\\":{\\"FunctionName\\":\\"HelloWorldFunction\\",\\"Payload\\":{}}}",
    "region": "us-east-1",
    "resource": "invoke",
    "resourceType": "lambda",
    "timeoutInSeconds": undefined,
  },
  "taskStartFailedEventDetails": undefined,
  "taskStartedEventDetails": undefined,
  "taskSubmitFailedEventDetails": undefined,
  "taskSubmittedEventDetails": undefined,
  "taskSucceededEventDetails": undefined,
  "taskTimedOutEventDetails": undefined,
  "timestamp": Anything,
  "type": "TaskScheduled",
}
`;

exports[`StateMachine RetryPath 10`] = `
Object {
  "activityFailedEventDetails": undefined,
  "activityScheduleFailedEventDetails": undefined,
  "activityScheduledEventDetails": undefined,
  "activityStartedEventDetails": undefined,
  "activitySucceededEventDetails": undefined,
  "activityTimedOutEventDetails": undefined,
  "executionAbortedEventDetails": undefined,
  "executionFailedEventDetails": undefined,
  "executionStartedEventDetails": undefined,
  "executionSucceededEventDetails": undefined,
  "executionTimedOutEventDetails": undefined,
  "id": 10,
  "lambdaFunctionFailedEventDetails": undefined,
  "lambdaFunctionScheduleFailedEventDetails": undefined,
  "lambdaFunctionScheduledEventDetails": undefined,
  "lambdaFunctionStartFailedEventDetails": undefined,
  "lambdaFunctionSucceededEventDetails": undefined,
  "lambdaFunctionTimedOutEventDetails": undefined,
  "mapIterationAbortedEventDetails": undefined,
  "mapIterationFailedEventDetails": undefined,
  "mapIterationStartedEventDetails": undefined,
  "mapIterationSucceededEventDetails": undefined,
  "mapStateStartedEventDetails": undefined,
  "previousEventId": 9,
  "stateEnteredEventDetails": undefined,
  "stateExitedEventDetails": undefined,
  "taskFailedEventDetails": undefined,
  "taskScheduledEventDetails": undefined,
  "taskStartFailedEventDetails": undefined,
  "taskStartedEventDetails": Object {
    "resource": "invoke",
    "resourceType": "lambda",
  },
  "taskSubmitFailedEventDetails": undefined,
  "taskSubmittedEventDetails": undefined,
  "taskSucceededEventDetails": undefined,
  "taskTimedOutEventDetails": undefined,
  "timestamp": Anything,
  "type": "TaskStarted",
}
`;

exports[`StateMachine RetryPath 11`] = `
Object {
  "activityFailedEventDetails": undefined,
  "activityScheduleFailedEventDetails": undefined,
  "activityScheduledEventDetails": undefined,
  "activityStartedEventDetails": undefined,
  "activitySucceededEventDetails": undefined,
  "activityTimedOutEventDetails": undefined,
  "executionAbortedEventDetails": undefined,
  "executionFailedEventDetails": undefined,
  "executionStartedEventDetails": undefined,
  "executionSucceededEventDetails": undefined,
  "executionTimedOutEventDetails": undefined,
  "id": 11,
  "lambdaFunctionFailedEventDetails": undefined,
  "lambdaFunctionScheduleFailedEventDetails": undefined,
  "lambdaFunctionScheduledEventDetails": undefined,
  "lambdaFunctionStartFailedEventDetails": undefined,
  "lambdaFunctionSucceededEventDetails": undefined,
  "lambdaFunctionTimedOutEventDetails": undefined,
  "mapIterationAbortedEventDetails": undefined,
  "mapIterationFailedEventDetails": undefined,
  "mapIterationStartedEventDetails": undefined,
  "mapIterationSucceededEventDetails": undefined,
  "mapStateStartedEventDetails": undefined,
  "previousEventId": 10,
  "stateEnteredEventDetails": undefined,
  "stateExitedEventDetails": undefined,
  "taskFailedEventDetails": Object {
    "cause": "Lambda timed out.",
    "error": "Lambda.TimeoutException",
    "resource": "invoke",
    "resourceType": "lambda",
  },
  "taskScheduledEventDetails": undefined,
  "taskStartFailedEventDetails": undefined,
  "taskStartedEventDetails": undefined,
  "taskSubmitFailedEventDetails": undefined,
  "taskSubmittedEventDetails": undefined,
  "taskSucceededEventDetails": undefined,
  "taskTimedOutEventDetails": undefined,
  "timestamp": Anything,
  "type": "TaskFailed",
}
`;

exports[`StateMachine RetryPath 12`] = `
Object {
  "activityFailedEventDetails": undefined,
  "activityScheduleFailedEventDetails": undefined,
  "activityScheduledEventDetails": undefined,
  "activityStartedEventDetails": undefined,
  "activitySucceededEventDetails": undefined,
  "activityTimedOutEventDetails": undefined,
  "executionAbortedEventDetails": undefined,
  "executionFailedEventDetails": undefined,
  "executionStartedEventDetails": undefined,
  "executionSucceededEventDetails": undefined,
  "executionTimedOutEventDetails": undefined,
  "id": 12,
  "lambdaFunctionFailedEventDetails": undefined,
  "lambdaFunctionScheduleFailedEventDetails": undefined,
  "lambdaFunctionScheduledEventDetails": undefined,
  "lambdaFunctionStartFailedEventDetails": undefined,
  "lambdaFunctionSucceededEventDetails": undefined,
  "lambdaFunctionTimedOutEventDetails": undefined,
  "mapIterationAbortedEventDetails": undefined,
  "mapIterationFailedEventDetails": undefined,
  "mapIterationStartedEventDetails": undefined,
  "mapIterationSucceededEventDetails": undefined,
  "mapStateStartedEventDetails": undefined,
  "previousEventId": 11,
  "stateEnteredEventDetails": undefined,
  "stateExitedEventDetails": undefined,
  "taskFailedEventDetails": undefined,
  "taskScheduledEventDetails": Object {
    "heartbeatInSeconds": undefined,
    "parameters": "{\\"FunctionName\\":\\"arn:aws:lambda:us-west-2:123456789012:function:my-function\\",\\"Payload\\":{\\"FunctionName\\":\\"HelloWorldFunction\\",\\"Payload\\":{}}}",
    "region": "us-east-1",
    "resource": "invoke",
    "resourceType": "lambda",
    "timeoutInSeconds": undefined,
  },
  "taskStartFailedEventDetails": undefined,
  "taskStartedEventDetails": undefined,
  "taskSubmitFailedEventDetails": undefined,
  "taskSubmittedEventDetails": undefined,
  "taskSucceededEventDetails": undefined,
  "taskTimedOutEventDetails": undefined,
  "timestamp": Anything,
  "type": "TaskScheduled",
}
`;

exports[`StateMachine RetryPath 13`] = `
Object {
  "activityFailedEventDetails": undefined,
  "activityScheduleFailedEventDetails": undefined,
  "activityScheduledEventDetails": undefined,
  "activityStartedEventDetails": undefined,
  "activitySucceededEventDetails": undefined,
  "activityTimedOutEventDetails": undefined,
  "executionAbortedEventDetails": undefined,
  "executionFailedEventDetails": undefined,
  "executionStartedEventDetails": undefined,
  "executionSucceededEventDetails": undefined,
  "executionTimedOutEventDetails": undefined,
  "id": 13,
  "lambdaFunctionFailedEventDetails": undefined,
  "lambdaFunctionScheduleFailedEventDetails": undefined,
  "lambdaFunctionScheduledEventDetails": undefined,
  "lambdaFunctionStartFailedEventDetails": undefined,
  "lambdaFunctionSucceededEventDetails": undefined,
  "lambdaFunctionTimedOutEventDetails": undefined,
  "mapIterationAbortedEventDetails": undefined,
  "mapIterationFailedEventDetails": undefined,
  "mapIterationStartedEventDetails": undefined,
  "mapIterationSucceededEventDetails": undefined,
  "mapStateStartedEventDetails": undefined,
  "previousEventId": 12,
  "stateEnteredEventDetails": undefined,
  "stateExitedEventDetails": undefined,
  "taskFailedEventDetails": undefined,
  "taskScheduledEventDetails": undefined,
  "taskStartFailedEventDetails": undefined,
  "taskStartedEventDetails": Object {
    "resource": "invoke",
    "resourceType": "lambda",
  },
  "taskSubmitFailedEventDetails": undefined,
  "taskSubmittedEventDetails": undefined,
  "taskSucceededEventDetails": undefined,
  "taskTimedOutEventDetails": undefined,
  "timestamp": Anything,
  "type": "TaskStarted",
}
`;

exports[`StateMachine RetryPath 14`] = `
Object {
  "activityFailedEventDetails": undefined,
  "activityScheduleFailedEventDetails": undefined,
  "activityScheduledEventDetails": undefined,
  "activityStartedEventDetails": undefined,
  "activitySucceededEventDetails": undefined,
  "activityTimedOutEventDetails": undefined,
  "executionAbortedEventDetails": undefined,
  "executionFailedEventDetails": undefined,
  "executionStartedEventDetails": undefined,
  "executionSucceededEventDetails": undefined,
  "executionTimedOutEventDetails": undefined,
  "id": 14,
  "lambdaFunctionFailedEventDetails": undefined,
  "lambdaFunctionScheduleFailedEventDetails": undefined,
  "lambdaFunctionScheduledEventDetails": undefined,
  "lambdaFunctionStartFailedEventDetails": undefined,
  "lambdaFunctionSucceededEventDetails": undefined,
  "lambdaFunctionTimedOutEventDetails": undefined,
  "mapIterationAbortedEventDetails": undefined,
  "mapIterationFailedEventDetails": undefined,
  "mapIterationStartedEventDetails": undefined,
  "mapIterationSucceededEventDetails": undefined,
  "mapStateStartedEventDetails": undefined,
  "previousEventId": 13,
  "stateEnteredEventDetails": undefined,
  "stateExitedEventDetails": undefined,
  "taskFailedEventDetails": undefined,
  "taskScheduledEventDetails": undefined,
  "taskStartFailedEventDetails": undefined,
  "taskStartedEventDetails": undefined,
  "taskSubmitFailedEventDetails": undefined,
  "taskSubmittedEventDetails": undefined,
  "taskSucceededEventDetails": Object {
    "output": "{\\"StatusCode\\":200,\\"Payload\\":{\\"StatusCode\\":200,\\"body\\":\\"Hello from Lambda!\\"}}",
    "outputDetails": Object {
      "truncated": false,
    },
    "resource": "invoke",
    "resourceType": "lambda",
  },
  "taskTimedOutEventDetails": undefined,
  "timestamp": Anything,
  "type": "TaskSucceeded",
}
`;

exports[`StateMachine RetryPath 15`] = `
Object {
  "activityFailedEventDetails": undefined,
  "activityScheduleFailedEventDetails": undefined,
  "activityScheduledEventDetails": undefined,
  "activityStartedEventDetails": undefined,
  "activitySucceededEventDetails": undefined,
  "activityTimedOutEventDetails": undefined,
  "executionAbortedEventDetails": undefined,
  "executionFailedEventDetails": undefined,
  "executionStartedEventDetails": undefined,
  "executionSucceededEventDetails": undefined,
  "executionTimedOutEventDetails": undefined,
  "id": 15,
  "lambdaFunctionFailedEventDetails": undefined,
  "lambdaFunctionScheduleFailedEventDetails": undefined,
  "lambdaFunctionScheduledEventDetails": undefined,
  "lambdaFunctionStartFailedEventDetails": undefined,
  "lambdaFunctionSucceededEventDetails": undefined,
  "lambdaFunctionTimedOutEventDetails": undefined,
  "mapIterationAbortedEventDetails": undefined,
  "mapIterationFailedEventDetails": undefined,
  "mapIterationStartedEventDetails": undefined,
  "mapIterationSucceededEventDetails": undefined,
  "mapStateStartedEventDetails": undefined,
  "previousEventId": 14,
  "stateEnteredEventDetails": undefined,
  "stateExitedEventDetails": Object {
    "name": "LambdaState",
    "output": "{\\"StatusCode\\":200,\\"Payload\\":{\\"StatusCode\\":200,\\"body\\":\\"Hello from Lambda!\\"}}",
    "outputDetails": Object {
      "truncated": false,
    },
  },
  "taskFailedEventDetails": undefined,
  "taskScheduledEventDetails": undefined,
  "taskStartFailedEventDetails": undefined,
  "taskStartedEventDetails": undefined,
  "taskSubmitFailedEventDetails": undefined,
  "taskSubmittedEventDetails": undefined,
  "taskSucceededEventDetails": undefined,
  "taskTimedOutEventDetails": undefined,
  "timestamp": Anything,
  "type": "TaskStateExited",
}
`;

exports[`StateMachine RetryPath 16`] = `
Object {
  "activityFailedEventDetails": undefined,
  "activityScheduleFailedEventDetails": undefined,
  "activityScheduledEventDetails": undefined,
  "activityStartedEventDetails": undefined,
  "activitySucceededEventDetails": undefined,
  "activityTimedOutEventDetails": undefined,
  "executionAbortedEventDetails": undefined,
  "executionFailedEventDetails": undefined,
  "executionStartedEventDetails": undefined,
  "executionSucceededEventDetails": undefined,
  "executionTimedOutEventDetails": undefined,
  "id": 16,
  "lambdaFunctionFailedEventDetails": undefined,
  "lambdaFunctionScheduleFailedEventDetails": undefined,
  "lambdaFunctionScheduledEventDetails": undefined,
  "lambdaFunctionStartFailedEventDetails": undefined,
  "lambdaFunctionSucceededEventDetails": undefined,
  "lambdaFunctionTimedOutEventDetails": undefined,
  "mapIterationAbortedEventDetails": undefined,
  "mapIterationFailedEventDetails": undefined,
  "mapIterationStartedEventDetails": undefined,
  "mapIterationSucceededEventDetails": undefined,
  "mapStateStartedEventDetails": undefined,
  "previousEventId": 15,
  "stateEnteredEventDetails": Object {
    "input": "{\\"StatusCode\\":200,\\"Payload\\":{\\"StatusCode\\":200,\\"body\\":\\"Hello from Lambda!\\"}}",
    "inputDetails": Object {
      "truncated": false,
    },
    "name": "SqsState",
  },
  "stateExitedEventDetails": undefined,
  "taskFailedEventDetails": undefined,
  "taskScheduledEventDetails": undefined,
  "taskStartFailedEventDetails": undefined,
  "taskStartedEventDetails": undefined,
  "taskSubmitFailedEventDetails": undefined,
  "taskSubmittedEventDetails": undefined,
  "taskSucceededEventDetails": undefined,
  "taskTimedOutEventDetails": undefined,
  "timestamp": Anything,
  "type": "TaskStateEntered",
}
`;

exports[`StateMachine RetryPath 17`] = `
Object {
  "activityFailedEventDetails": undefined,
  "activityScheduleFailedEventDetails": undefined,
  "activityScheduledEventDetails": undefined,
  "activityStartedEventDetails": undefined,
  "activitySucceededEventDetails": undefined,
  "activityTimedOutEventDetails": undefined,
  "executionAbortedEventDetails": undefined,
  "executionFailedEventDetails": undefined,
  "executionStartedEventDetails": undefined,
  "executionSucceededEventDetails": undefined,
  "executionTimedOutEventDetails": undefined,
  "id": 17,
  "lambdaFunctionFailedEventDetails": undefined,
  "lambdaFunctionScheduleFailedEventDetails": undefined,
  "lambdaFunctionScheduledEventDetails": undefined,
  "lambdaFunctionStartFailedEventDetails": undefined,
  "lambdaFunctionSucceededEventDetails": undefined,
  "lambdaFunctionTimedOutEventDetails": undefined,
  "mapIterationAbortedEventDetails": undefined,
  "mapIterationFailedEventDetails": undefined,
  "mapIterationStartedEventDetails": undefined,
  "mapIterationSucceededEventDetails": undefined,
  "mapStateStartedEventDetails": undefined,
  "previousEventId": 16,
  "stateEnteredEventDetails": undefined,
  "stateExitedEventDetails": undefined,
  "taskFailedEventDetails": undefined,
  "taskScheduledEventDetails": Object {
    "heartbeatInSeconds": undefined,
    "parameters": "{\\"QueueUrl\\":\\"https://sqs.us-west-2.amazonaws.com/444455556666/queue1\\",\\"MessageBody\\":{\\"StatusCode\\":200,\\"Payload\\":{\\"StatusCode\\":200,\\"body\\":\\"Hello from Lambda!\\"}}}",
    "region": "us-east-1",
    "resource": "sendMessage",
    "resourceType": "sqs",
    "timeoutInSeconds": undefined,
  },
  "taskStartFailedEventDetails": undefined,
  "taskStartedEventDetails": undefined,
  "taskSubmitFailedEventDetails": undefined,
  "taskSubmittedEventDetails": undefined,
  "taskSucceededEventDetails": undefined,
  "taskTimedOutEventDetails": undefined,
  "timestamp": Anything,
  "type": "TaskScheduled",
}
`;

exports[`StateMachine RetryPath 18`] = `
Object {
  "activityFailedEventDetails": undefined,
  "activityScheduleFailedEventDetails": undefined,
  "activityScheduledEventDetails": undefined,
  "activityStartedEventDetails": undefined,
  "activitySucceededEventDetails": undefined,
  "activityTimedOutEventDetails": undefined,
  "executionAbortedEventDetails": undefined,
  "executionFailedEventDetails": undefined,
  "executionStartedEventDetails": undefined,
  "executionSucceededEventDetails": undefined,
  "executionTimedOutEventDetails": undefined,
  "id": 18,
  "lambdaFunctionFailedEventDetails": undefined,
  "lambdaFunctionScheduleFailedEventDetails": undefined,
  "lambdaFunctionScheduledEventDetails": undefined,
  "lambdaFunctionStartFailedEventDetails": undefined,
  "lambdaFunctionSucceededEventDetails": undefined,
  "lambdaFunctionTimedOutEventDetails": undefined,
  "mapIterationAbortedEventDetails": undefined,
  "mapIterationFailedEventDetails": undefined,
  "mapIterationStartedEventDetails": undefined,
  "mapIterationSucceededEventDetails": undefined,
  "mapStateStartedEventDetails": undefined,
  "previousEventId": 17,
  "stateEnteredEventDetails": undefined,
  "stateExitedEventDetails": undefined,
  "taskFailedEventDetails": undefined,
  "taskScheduledEventDetails": undefined,
  "taskStartFailedEventDetails": undefined,
  "taskStartedEventDetails": Object {
    "resource": "sendMessage",
    "resourceType": "sqs",
  },
  "taskSubmitFailedEventDetails": undefined,
  "taskSubmittedEventDetails": undefined,
  "taskSucceededEventDetails": undefined,
  "taskTimedOutEventDetails": undefined,
  "timestamp": Anything,
  "type": "TaskStarted",
}
`;

exports[`StateMachine RetryPath 19`] = `
Object {
  "activityFailedEventDetails": undefined,
  "activityScheduleFailedEventDetails": undefined,
  "activityScheduledEventDetails": undefined,
  "activityStartedEventDetails": undefined,
  "activitySucceededEventDetails": undefined,
  "activityTimedOutEventDetails": undefined,
  "executionAbortedEventDetails": undefined,
  "executionFailedEventDetails": undefined,
  "executionStartedEventDetails": undefined,
  "executionSucceededEventDetails": undefined,
  "executionTimedOutEventDetails": undefined,
  "id": 19,
  "lambdaFunctionFailedEventDetails": undefined,
  "lambdaFunctionScheduleFailedEventDetails": undefined,
  "lambdaFunctionScheduledEventDetails": undefined,
  "lambdaFunctionStartFailedEventDetails": undefined,
  "lambdaFunctionSucceededEventDetails": undefined,
  "lambdaFunctionTimedOutEventDetails": undefined,
  "mapIterationAbortedEventDetails": undefined,
  "mapIterationFailedEventDetails": undefined,
  "mapIterationStartedEventDetails": undefined,
  "mapIterationSucceededEventDetails": undefined,
  "mapStateStartedEventDetails": undefined,
  "previousEventId": 18,
  "stateEnteredEventDetails": undefined,
  "stateExitedEventDetails": undefined,
  "taskFailedEventDetails": undefined,
  "taskScheduledEventDetails": undefined,
  "taskStartFailedEventDetails": undefined,
  "taskStartedEventDetails": undefined,
  "taskSubmitFailedEventDetails": undefined,
  "taskSubmittedEventDetails": undefined,
  "taskSucceededEventDetails": Object {
    "output": "{\\"MD5OfMessageBody\\":\\"3bcb6e8e-7h85-4375-b0bc-1a59812c6e51\\",\\"MessageId\\":\\"3bcb6e8e-8b51-4375-b0bc-1a59812c6e51\\"}",
    "outputDetails": Object {
      "truncated": false,
    },
    "resource": "sendMessage",
    "resourceType": "sqs",
  },
  "taskTimedOutEventDetails": undefined,
  "timestamp": Anything,
  "type": "TaskSucceeded",
}
`;

exports[`StateMachine RetryPath 20`] = `
Object {
  "activityFailedEventDetails": undefined,
  "activityScheduleFailedEventDetails": undefined,
  "activityScheduledEventDetails": undefined,
  "activityStartedEventDetails": undefined,
  "activitySucceededEventDetails": undefined,
  "activityTimedOutEventDetails": undefined,
  "executionAbortedEventDetails": undefined,
  "executionFailedEventDetails": undefined,
  "executionStartedEventDetails": undefined,
  "executionSucceededEventDetails": undefined,
  "executionTimedOutEventDetails": undefined,
  "id": 20,
  "lambdaFunctionFailedEventDetails": undefined,
  "lambdaFunctionScheduleFailedEventDetails": undefined,
  "lambdaFunctionScheduledEventDetails": undefined,
  "lambdaFunctionStartFailedEventDetails": undefined,
  "lambdaFunctionSucceededEventDetails": undefined,
  "lambdaFunctionTimedOutEventDetails": undefined,
  "mapIterationAbortedEventDetails": undefined,
  "mapIterationFailedEventDetails": undefined,
  "mapIterationStartedEventDetails": undefined,
  "mapIterationSucceededEventDetails": undefined,
  "mapStateStartedEventDetails": undefined,
  "previousEventId": 19,
  "stateEnteredEventDetails": undefined,
  "stateExitedEventDetails": Object {
    "name": "SqsState",
    "output": "{\\"MD5OfMessageBody\\":\\"3bcb6e8e-7h85-4375-b0bc-1a59812c6e51\\",\\"MessageId\\":\\"3bcb6e8e-8b51-4375-b0bc-1a59812c6e51\\"}",
    "outputDetails": Object {
      "truncated": false,
    },
  },
  "taskFailedEventDetails": undefined,
  "taskScheduledEventDetails": undefined,
  "taskStartFailedEventDetails": undefined,
  "taskStartedEventDetails": undefined,
  "taskSubmitFailedEventDetails": undefined,
  "taskSubmittedEventDetails": undefined,
  "taskSucceededEventDetails": undefined,
  "taskTimedOutEventDetails": undefined,
  "timestamp": Anything,
  "type": "TaskStateExited",
}
`;

exports[`StateMachine RetryPath 21`] = `
Object {
  "activityFailedEventDetails": undefined,
  "activityScheduleFailedEventDetails": undefined,
  "activityScheduledEventDetails": undefined,
  "activityStartedEventDetails": undefined,
  "activitySucceededEventDetails": undefined,
  "activityTimedOutEventDetails": undefined,
  "executionAbortedEventDetails": undefined,
  "executionFailedEventDetails": undefined,
  "executionStartedEventDetails": undefined,
  "executionSucceededEventDetails": Object {
    "output": "{\\"MD5OfMessageBody\\":\\"3bcb6e8e-7h85-4375-b0bc-1a59812c6e51\\",\\"MessageId\\":\\"3bcb6e8e-8b51-4375-b0bc-1a59812c6e51\\"}",
    "outputDetails": Object {
      "truncated": false,
    },
  },
  "executionTimedOutEventDetails": undefined,
  "id": 21,
  "lambdaFunctionFailedEventDetails": undefined,
  "lambdaFunctionScheduleFailedEventDetails": undefined,
  "lambdaFunctionScheduledEventDetails": undefined,
  "lambdaFunctionStartFailedEventDetails": undefined,
  "lambdaFunctionSucceededEventDetails": undefined,
  "lambdaFunctionTimedOutEventDetails": undefined,
  "mapIterationAbortedEventDetails": undefined,
  "mapIterationFailedEventDetails": undefined,
  "mapIterationStartedEventDetails": undefined,
  "mapIterationSucceededEventDetails": undefined,
  "mapStateStartedEventDetails": undefined,
  "previousEventId": 20,
  "stateEnteredEventDetails": undefined,
  "stateExitedEventDetails": undefined,
  "taskFailedEventDetails": undefined,
  "taskScheduledEventDetails": undefined,
  "taskStartFailedEventDetails": undefined,
  "taskStartedEventDetails": undefined,
  "taskSubmitFailedEventDetails": undefined,
  "taskSubmittedEventDetails": undefined,
  "taskSucceededEventDetails": undefined,
  "taskTimedOutEventDetails": undefined,
  "timestamp": Anything,
  "type": "ExecutionSucceeded",
}
`;
